// Jest Snapshot v1, https://goo.gl/fbAQLP

exports[`App unit test testing app button 1`] = `
<div
  className="page"
>
  <div
    className="sc-furwcr jvxAQi"
  />
</div>
`;
